// Jest Snapshot v1, https://goo.gl/fbAQLP

exports[`add movie component shows movies form 1`] = `"<form><h2>Add new movie</h2><div class=\\"form-input\\"><label><strong>Title:</strong> <input value=\\"\\"></label></div><div class=\\"form-input\\"><label><strong>Plot:</strong> <input value=\\"\\"></label></div><div class=\\"form-input\\"><label><strong>Country:</strong> <input value=\\"\\"></label></div><div class=\\"form-input\\"><label><strong>Year:</strong> <input value=\\"\\"></label></div><input type=\\"submit\\" value=\\"Submit\\"></form>"`;
